exports[`Message creates message component 1`] = `
ShallowWrapper {
  Symbol(enzyme.__root__): [Circular],
  Symbol(enzyme.__unrendered__): <Message />,
  Symbol(enzyme.__renderer__): Object {
    "batchedUpdates": [Function],
    "getNode": [Function],
    "render": [Function],
    "simulateEvent": [Function],
    "unmount": [Function],
  },
  Symbol(enzyme.__node__): Object {
    "instance": null,
    "key": undefined,
    "nodeType": "host",
    "props": Object {
      "children": <article
        className="flexContainer">
        <a
                className="tooltip">
                <img
                        alt=""
                        className="avatar tip"
                        src={undefined} />
                <span
                        className="tooltiptext" />
        </a>
        <div
                className="message-container">
                <h2
                        className="fullName" />
                <p
                        className="message" />
        </div>
</article>,
    },
    "ref": null,
    "rendered": Object {
      "instance": null,
      "key": undefined,
      "nodeType": "host",
      "props": Object {
        "children": Array [
          <a
            className="tooltip">
            <img
                        alt=""
                        className="avatar tip"
                        src={undefined} />
            <span
                        className="tooltiptext" />
</a>,
          <div
            className="message-container">
            <h2
                        className="fullName" />
            <p
                        className="message" />
</div>,
        ],
        "className": "flexContainer",
      },
      "ref": null,
      "rendered": Array [
        Object {
          "instance": null,
          "key": undefined,
          "nodeType": "host",
          "props": Object {
            "children": Array [
              <img
                alt=""
                className="avatar tip"
                src={undefined} />,
              <span
                className="tooltiptext" />,
            ],
            "className": "tooltip",
          },
          "ref": null,
          "rendered": Array [
            Object {
              "instance": null,
              "key": undefined,
              "nodeType": "host",
              "props": Object {
                "alt": "",
                "className": "avatar tip",
                "src": undefined,
              },
              "ref": null,
              "rendered": null,
              "type": "img",
            },
            Object {
              "instance": null,
              "key": undefined,
              "nodeType": "host",
              "props": Object {
                "children": undefined,
                "className": "tooltiptext",
              },
              "ref": null,
              "rendered": null,
              "type": "span",
            },
          ],
          "type": "a",
        },
        Object {
          "instance": null,
          "key": undefined,
          "nodeType": "host",
          "props": Object {
            "children": Array [
              <h2
                className="fullName" />,
              undefined,
              <p
                className="message" />,
            ],
            "className": "message-container",
          },
          "ref": null,
          "rendered": Array [
            Object {
              "instance": null,
              "key": undefined,
              "nodeType": "host",
              "props": Object {
                "children": undefined,
                "className": "fullName",
              },
              "ref": null,
              "rendered": null,
              "type": "h2",
            },
            undefined,
            Object {
              "instance": null,
              "key": undefined,
              "nodeType": "host",
              "props": Object {
                "children": undefined,
                "className": "message",
              },
              "ref": null,
              "rendered": null,
              "type": "p",
            },
          ],
          "type": "div",
        },
      ],
      "type": "article",
    },
    "type": "li",
  },
  Symbol(enzyme.__nodes__): Array [
    Object {
      "instance": null,
      "key": undefined,
      "nodeType": "host",
      "props": Object {
        "children": <article
          className="flexContainer">
          <a
                    className="tooltip">
                    <img
                              alt=""
                              className="avatar tip"
                              src={undefined} />
                    <span
                              className="tooltiptext" />
          </a>
          <div
                    className="message-container">
                    <h2
                              className="fullName" />
                    <p
                              className="message" />
          </div>
</article>,
      },
      "ref": null,
      "rendered": Object {
        "instance": null,
        "key": undefined,
        "nodeType": "host",
        "props": Object {
          "children": Array [
            <a
              className="tooltip">
              <img
                            alt=""
                            className="avatar tip"
                            src={undefined} />
              <span
                            className="tooltiptext" />
</a>,
            <div
              className="message-container">
              <h2
                            className="fullName" />
              <p
                            className="message" />
</div>,
          ],
          "className": "flexContainer",
        },
        "ref": null,
        "rendered": Array [
          Object {
            "instance": null,
            "key": undefined,
            "nodeType": "host",
            "props": Object {
              "children": Array [
                <img
                  alt=""
                  className="avatar tip"
                  src={undefined} />,
                <span
                  className="tooltiptext" />,
              ],
              "className": "tooltip",
            },
            "ref": null,
            "rendered": Array [
              Object {
                "instance": null,
                "key": undefined,
                "nodeType": "host",
                "props": Object {
                  "alt": "",
                  "className": "avatar tip",
                  "src": undefined,
                },
                "ref": null,
                "rendered": null,
                "type": "img",
              },
              Object {
                "instance": null,
                "key": undefined,
                "nodeType": "host",
                "props": Object {
                  "children": undefined,
                  "className": "tooltiptext",
                },
                "ref": null,
                "rendered": null,
                "type": "span",
              },
            ],
            "type": "a",
          },
          Object {
            "instance": null,
            "key": undefined,
            "nodeType": "host",
            "props": Object {
              "children": Array [
                <h2
                  className="fullName" />,
                undefined,
                <p
                  className="message" />,
              ],
              "className": "message-container",
            },
            "ref": null,
            "rendered": Array [
              Object {
                "instance": null,
                "key": undefined,
                "nodeType": "host",
                "props": Object {
                  "children": undefined,
                  "className": "fullName",
                },
                "ref": null,
                "rendered": null,
                "type": "h2",
              },
              undefined,
              Object {
                "instance": null,
                "key": undefined,
                "nodeType": "host",
                "props": Object {
                  "children": undefined,
                  "className": "message",
                },
                "ref": null,
                "rendered": null,
                "type": "p",
              },
            ],
            "type": "div",
          },
        ],
        "type": "article",
      },
      "type": "li",
    },
  ],
  Symbol(enzyme.__options__): Object {
    "adapter": ReactFifteenAdapter {
      "options": Object {
        "lifecycles": Object {
          "componentDidUpdate": Object {
            "prevContext": true,
          },
        },
        "supportPrevContextArgumentOfComponentDidUpdate": true,
      },
    },
    "attachTo": undefined,
    "hydrateIn": undefined,
  },
}
`;
